
> @figma/my-make-file@0.0.1 build
> next build

ÔÜá Warning: Next.js inferred your workspace root, but it may not be correct.
 We detected multiple lockfiles and selected the directory of C:\Users\dasok\Desktop\dev\package-lock.json as the root directory.
 To silence this warning, set `turbopack.root` in your Next.js config, or consider removing one of the lockfiles if it's not needed.
   See https://nextjs.org/docs/app/api-reference/config/next-config-js/turbopack#root-directory for more information.
 Detected additional lockfiles: 
   * C:\Users\dasok\Desktop\dev\ystetteh_prime_company\package-lock.json

Ôû▓ Next.js 16.1.4 (Turbopack)

  Creating an optimized production build ...
Ô£ô Compiled successfully in 7.6s
  Running TypeScript ...
  Collecting page data using 7 workers ...
  Generating static pages using 7 workers (0/15) ...
  Generating static pages using 7 workers (3/15) 
  Generating static pages using 7 workers (7/15) 
  Generating static pages using 7 workers (11/15) 
Ô£ô Generating static pages using 7 workers (15/15) in 855.8ms
  Finalizing page optimization ...

Route (app)
Ôöî Ôùï /
Ôö£ Ôùï /_not-found
Ôö£ Ôùï /about
Ôö£ Ôùï /careers
Ôö£ Ôùï /contact
Ôö£ Ôùï /leadership
Ôöö ÔùÅ /subsidiaries/[id]
  Ôö£ /subsidiaries/farm-products
  Ôö£ /subsidiaries/plastic-rubber
  Ôö£ /subsidiaries/real-estate
  Ôöö [+5 more paths]


Ôùï  (Static)  prerendered as static content
ÔùÅ  (SSG)     prerendered as static HTML (uses generateStaticParams)

